
ne pozabi:

a) strukture:
workind dir
          git add
       |----------> staging area   
                                   git commit
                      | ----------------------->  local git repo
                                                       |
                                                       |           git push
                                                       |         .................... > gitlab

b) vsakič začni na čisti kopiji oz. naj bo lokalna kopija enaka oddaljeni
git status
git pull <REMOTE> <name-of-branch>     (naredi fetch iz <REMOTE> nato merge v lokalni repo)

! https://www.atlassian.com/git/tutorials/syncing/git-pull


---- test push,merge
git for windows ima : git bash in simpatičen git GUI : uporabite ga
-----
sama imam zgolj lupino, torej:

1. clone celotnega repozitorija (master branch ; kot bi uporabil -b master); repozitorij je javen in bo šlo
git clone https://gitlab.vegova.si/SerhioN/podjetje-sqmalsys.git



2. na git hočemo tudi pisati: min vloga za ta repozitorij je 'developer'; potrebna konfiguracija git-a:
git config --global --list    # če ne vrne username, ga je potrebno dodati
                              # spodaj bo narejeno n lokalni konfiguraciji: samo
							  # za ta repozitorij
git config --local --list
git config --local user.email "moj.morec@gmail.com" # local: dodamo zgolj za repo podjetje-sqmalsys
git config --local user.name "Mojca"

git config --local --list    # preveri

bistvene tri zadeve od tu so:
remote.origin.url=https://gitlab.vegova.si/SerhioN/podjetje-sqmalsys.git   #remote origin
branch.master.merge=refs/heads/master                                      #veja v katero zlivamo
user.email=moj.morec@gmail.com                                             #kdo izvaja operacije
user.name="Mojca"


3. dodamo mapo za projekt skupine (xNix)
mkdir podjetje-sqmalsys/svizciCokolad                    #mapa z imenom skupine
echo abc > podjetje-sqmalsys/svizciCokolad/refer.ttx     #notri pa testna datoteka refer.ttx z vsebino abc

4. poglejmo
$ git status
On branch master
Your branch is up to date with 'origin/master'.

Changes to be committed:
  (use "git restore --staged <file>..." to unstage)
        new file:   svizciCokolad/refer.ttx

5. add to stage area
$ git add svizciCokolad/refer.ttx   #  doda samo ta fajl  git add --all  #doda vse spremembe

6. zapis na git repo (zapiše vse, kar je v stage področju oz. 'staged') - spremembe gredo v lokalni git repo
git commit -m "refer.txt initial commit"

[master 10496b9] refer.txt initial commit
 1 file changed, 1 insertion(+)
 create mode 100644 svizciCokolad/refer.ttx

7. postisnemo spremebe na 'upstream' oz. v našem primeru v repo na gitlab
   opozorilo; git bo povprašal po 'credentials' ; to sta vaš username in geslo
   username iz @morec je morec in ne e-mail se katerim se v gitlab tudi lahko prijavim
$ git push

Enumerating objects: 5, done.
Counting objects: 100% (5/5), done.
Delta compression using up to 8 threads
Compressing objects: 100% (2/2), done.
Writing objects: 100% (4/4), 434 bytes | 434.00 KiB/s, done.
Total 4 (delta 0), reused 0 (delta 0), pack-reused 0
To https://gitlab.vegova.si/SerhioN/podjetje-sqmalsys.git
   8b13bc1..10496b9  master -> master

8. še :
git status
git pull https://gitlab.vegova.si/SerhioN/podjetje-sqmalsys.git

-------------------------------------------------------------
(delovna veja) - branch
-------------------------------------------------------------
1. kreira branch z izbranim primerom in takoj preklopi nanjo
$ git checkout -b svizciCokolad
Switched to a new branch 'svizciCokolad'

2. preklop med branch-i
git checkout master   ### git checkout svizciCokolad

git status                  ##pove tudi na kateri veji si
On branch svizciCokolad

3. no ..
git add .
git commit -m "message"
git push origin svizciCokolad    #  $ git push -u svizciCokolad # skreira še upstream, če ta ni kreiran

----------------------------------------------
>>>>>>>>>>developers : clone branch only
----------------------------------------------
1. git clone -b svizciCokolad  https://gitlab.vegova.si/SerhioN/podjetje-sqmalsys.git
2. prestavi se v mapo podjetje-sqmalsys
3. dodaj svoje podatke
   git config --local user.email "moj.morec@gmail.com" 
   git config --local user.name "Mojca"
4. git status


v vsakem primeru ste sedaj v svizciCokolad in so operacije vezane na ta branch
git add .
git commit -m "message"
git push                   #...... gre direktno v branch

-------------------------------------------------
>> developer git shell, git bash
>>
>>    gumbi za sprotno delo so vertikalni in pri izvajanju samo
      slediš sekvenci od zgoraj navzdol
------------------------------------------------
1. kot v predhodnem primeru 1-4 , da ne kompliciramo (iz lupine)

2. na nastali mapi podjetje-sqmalsys desno kliknemo z mišem in "git gui here"
3. rescan                          - kaj se je spremenili
4. stage changed                   - /lahko izbereš kaj/
5. napišeš commit message in
6. commit 
-- 
7. push na remote origin (gitlab)  - lahko izbereš branch




